Number of inputs: 1
Successfully read in input data
Number of databases: 1
Successfully deserialized database
Allocating scratch...
Successfully allocated scratch
Simulating graph on input data with Hyperscan...
Match at id::code::offset 0_match_23_4::::2125954
Match at id::code::offset 0_match_23_4::::2333532
Match at id::code::offset 0_match_23_4::::2560041
Match at id::code::offset 0_match_23_4::::2560042
Match at id::code::offset 0_match_21_2::::4020032
Match at id::code::offset 0_match_22_3::::4020033
Match at id::code::offset 0_match_23_4::::4020033
Match at id::code::offset 0_match_23_4::::4503614
Match at id::code::offset 0_match_23_4::::4898646
Match at id::code::offset 0_match_23_4::::6474433
Match at id::code::offset 0_match_22_3::::8335203
Match at id::code::offset 0_match_23_4::::8335203
Match at id::code::offset 0_match_23_4::::8335204
Match at id::code::offset 0_match_23_4::::10974141
Match at id::code::offset 0_match_23_4::::12206700
Match at id::code::offset 0_match_23_4::::18405349
Match at id::code::offset 0_match_23_4::::22161540
Match at id::code::offset 0_match_23_4::::22655798
Match at id::code::offset 0_match_22_3::::23859690
Match at id::code::offset 0_match_23_4::::23859690
Match at id::code::offset 0_match_23_4::::25699804
Match at id::code::offset 0_match_22_3::::27589981
Match at id::code::offset 0_match_23_4::::27589981
Match at id::code::offset 0_match_23_4::::27589982
Match at id::code::offset 0_match_23_4::::27605999
Match at id::code::offset 0_match_23_4::::29585174
Match at id::code::offset 0_match_23_4::::29852133
Match at id::code::offset 0_match_23_4::::30067148
Match at id::code::offset 0_match_23_4::::30067149
Match at id::code::offset 0_match_23_4::::31413657
Match at id::code::offset 0_match_23_4::::31792378
Match at id::code::offset 0_match_23_4::::34813075
Match at id::code::offset 0_match_23_4::::36583369
Match at id::code::offset 0_match_23_4::::36861933
Match at id::code::offset 0_match_23_4::::42165403
Match at id::code::offset 0_match_22_3::::43910861
Match at id::code::offset 0_match_23_4::::43910861
Match at id::code::offset 0_match_23_4::::44172586
Match at id::code::offset 0_match_23_4::::46035415
Match at id::code::offset 0_match_23_4::::59048169
Match at id::code::offset 0_match_23_4::::60807406
Match at id::code::offset 0_match_23_4::::85472007
Match at id::code::offset 0_match_23_4::::88431292
Match at id::code::offset 0_match_23_4::::88431293
Match at id::code::offset 0_match_23_4::::91084823
Match at id::code::offset 0_match_23_4::::91464615
Match at id::code::offset 0_match_23_4::::92484317
Match at id::code::offset 0_match_23_4::::110796163
Match at id::code::offset 0_match_23_4::::116197938
Match at id::code::offset 0_match_23_4::::120506240
Match at id::code::offset 0_match_22_3::::145846426
Match at id::code::offset 0_match_23_4::::145846426
Match at id::code::offset 0_match_23_4::::147613559
Match at id::code::offset 0_match_23_4::::151832579
Match at id::code::offset 0_match_23_4::::154418858
Match at id::code::offset 0_match_22_3::::155122008
Match at id::code::offset 0_match_23_4::::155122008
Match at id::code::offset 0_match_22_3::::156085023
Match at id::code::offset 0_match_23_4::::156085023
Match at id::code::offset 0_match_22_3::::156176764
Match at id::code::offset 0_match_23_4::::156176764
Match at id::code::offset 0_match_23_4::::156904100
Match at id::code::offset 0_match_23_4::::172818421
Match at id::code::offset 0_match_23_4::::172818422
Match at id::code::offset 0_match_23_4::::173914469
Match at id::code::offset 0_match_23_4::::174730662
Match at id::code::offset 0_match_23_4::::180131497
Match at id::code::offset 0_match_22_3::::182640654
Match at id::code::offset 0_match_23_4::::182640654
Match at id::code::offset 0_match_23_4::::182640655
Match at id::code::offset 0_match_23_4::::184634115
Match at id::code::offset 0_match_23_4::::185115181
Match at id::code::offset 0_match_22_3::::203052130
Match at id::code::offset 0_match_23_4::::203052130
Match at id::code::offset 0_match_22_3::::204327395
Match at id::code::offset 0_match_23_4::::204327395
Match at id::code::offset 0_match_23_4::::205379002
Match at id::code::offset 0_match_23_4::::205529631
Match at id::code::offset 0_match_23_4::::207840566
Match at id::code::offset 0_match_23_4::::218469624
Match at id::code::offset 0_match_23_4::::223316856
Match at id::code::offset 0_match_22_3::::227780178
Match at id::code::offset 0_match_23_4::::227780178
Match at id::code::offset 0_match_23_4::::227780179
Match at id::code::offset 0_match_23_4::::227789924
Match at id::code::offset 0_match_23_4::::230188215
Match at id::code::offset 0_match_23_4::::237008339
Match at id::code::offset 0_match_23_4::::245285767
Running automata on 248956423 bytes of input data
Automata Processing Time: 8317.4 ms
Throughput: 29.9319 MB/s
