Sun Mar 23 10:09:45 2025: Running xcd server. This server was built by gradle.
Sun Mar 23 10:09:45 2025: Server was asked to start on port: '45603'
Sun Mar 23 10:09:45 2025: Server is using token UUID: '7d8b0bd6-5a24-4834-8f27-b5139c9cf9ad'
Sun Mar 23 10:09:45 2025: SESSION_MGR: creating session with session uuid: '6d04a3e9-ade5-4ab9-8d63-1f78fcd2ec76' and name 'default'
Sun Mar 23 10:09:45 2025: Attempting to start server on port '45603'
Sun Mar 23 10:09:45 2025: XCD main fifo: created main fifo '/tmp/xcdmain7d8b0bd6-5a24-4834-8f27-b5139c9cf9ad', fd read = 13
Sun Mar 23 10:09:45 2025: Running Dispatch Server
Sun Mar 23 10:09:45 2025: Version 2.2.0
Sun Mar 23 10:09:47 2025: Dispatch Server: Accepted socket connection from client
Sun Mar 23 10:09:47 2025: Starting Socket connection
Sun Mar 23 10:09:47 2025: EXCHANGE_TOKEN received, server token: 7d8b0bd6-5a24-4834-8f27-b5139c9cf9ad, passed token: 7d8b0bd6-5a24-4834-8f27-b5139c9cf9ad
Sun Mar 23 10:09:47 2025: DISPATCH_HANDLER: Adding handler from function makeHandler in library libxv_system_diagram
Sun Mar 23 10:09:47 2025: SESSION_MGR: creating session with session uuid: '262a0531-c9fa-4e66-850b-fcf3e4914afe' and name 'v++_compile_automata.hw_emu'
Sun Mar 23 10:09:47 2025: KERNEL_SVC: creating session with uuid: '262a0531-c9fa-4e66-850b-fcf3e4914afe' and name 'v++_compile_automata.hw_emu'
Sun Mar 23 10:09:47 2025: GUIDANCE_SMGR: creating guidance session with uuid: '262a0531-c9fa-4e66-850b-fcf3e4914afe' and name 'v++_compile_automata.hw_emu'
Sun Mar 23 10:09:47 2025: SYSTEM_DIAGRAM: creating session with uuid: '262a0531-c9fa-4e66-850b-fcf3e4914afe' and name 'v++_compile_automata.hw_emu'
Sun Mar 23 10:09:48 2025: SESSION_MGR: closing session for UUID '262a0531-c9fa-4e66-850b-fcf3e4914afe' with name 'v++_compile_automata.hw_emu'
Sun Mar 23 10:09:48 2025: KERNEL_SVC: closing session for UUID '262a0531-c9fa-4e66-850b-fcf3e4914afe' with name 'v++_compile_automata.hw_emu'
Sun Mar 23 10:09:48 2025: GUIDANCE_SMGR: closing session for UUID '262a0531-c9fa-4e66-850b-fcf3e4914afe' with name 'v++_compile_automata.hw_emu'
Sun Mar 23 10:09:48 2025: SYSTEM_DIAGRAM: closing session for UUID '262a0531-c9fa-4e66-850b-fcf3e4914afe' with name 'v++_compile_automata.hw_emu'
Sun Mar 23 10:09:48 2025: STOP_SERVER received, server token: 7d8b0bd6-5a24-4834-8f27-b5139c9cf9ad, passed token: 7d8b0bd6-5a24-4834-8f27-b5139c9cf9ad
Sun Mar 23 10:09:48 2025: Socket received request to stop server.
Sun Mar 23 10:09:48 2025: Dispatch Server: do_await_stop
Sun Mar 23 10:09:48 2025: Dispatch Server: stopping mainFifo_
Sun Mar 23 10:09:48 2025: XCD main fifo: Stopping
Sun Mar 23 10:09:48 2025: XCD main fifo: do_read error code: Operation canceled
Sun Mar 23 10:09:48 2025: XCD main fifo: bytes_transferred: 0
Sun Mar 23 10:09:48 2025: SERVER: destructor for server bound to port 45603
Sun Mar 23 10:09:48 2025: XCD main fifo: Good unlink of /tmp/xcdmain7d8b0bd6-5a24-4834-8f27-b5139c9cf9ad
Sun Mar 23 10:09:48 2025: Server exiting with status 0.
Sun Mar 23 10:09:48 2025: Closing log file.
